   --- System Configuration Dialog ---

Would you like to enter the initial configuration dialog? [yes/no]: 

Press RETURN to get started!



Router>enable
Router#
Router#configure terminal
Enter configuration commands, one per line.  End with CNTL/Z.
Router(config)#interface FastEthernet0/0
Router(config-if)#ip address 10.0.0.1 255.0.0.0
Router(config-if)#ip address 10.0.0.1 255.0.0.0
Router(config-if)#no shutdown
Router(config-if)#
%LINK-5-CHANGED: Interface FastEthernet0/0, changed state to up

%LINEPROTO-5-UPDOWN: Line protocol on Interface FastEthernet0/0, changed state to up

Router(config-if)#
Router(config-if)#exit
Router(config)#interface Serial2/0
Router(config-if)#ip address 192.168.0.1 255.255.255.0
Router(config-if)#ip address 11.0.0.1 255.255.255.0
Router(config-if)#ip address 11.0.0.1 255.255.255.0
Router(config-if)#ip address 11.0.0.1 
% Incomplete command.
Router(config-if)#ip address 11.0.0.1 255.0.0.0
Router(config-if)#ip address 11.0.0.1 255.0.0.0
Router(config-if)#no shutdown
Router(config-if)#
%LINK-5-CHANGED: Interface Serial2/0, changed state to up

%LINEPROTO-5-UPDOWN: Line protocol on Interface Serial2/0, changed state to up

Router(config-if)#
Router(config-if)#exit
Router(config)#interface Serial2/0
Router(config-if)#clock rate 148000
This command applies only to DCE interfaces
Router(config-if)#
Router(config-if)#
Router(config-if)#exit
Router(config)#interface Serial2/0
Router(config-if)#
Router(config-if)#
Router(config-if)#exit
Router(config)#
Router(config)#ip route 192.168.0.0 255.255.255.0 11.0.0.2
Router(config)#
Router(config)#